2026-08-07 10:05:20,835 - openevolve.controller - INFO - Logging to /Users/sac/autofde-lab/openevolve_output/logs/openevolve_20260807_100520.log
2026-08-07 10:05:20,835 - openevolve.controller - INFO - Set random seed to 42 for reproducibility
2026-08-07 10:05:20,836 - openevolve.prompt.sampler - INFO - Set custom templates: system=evaluator_system_message, user=None
2026-08-07 10:05:20,836 - openevolve.database - INFO - Initialized program database with 0 programs
2026-08-07 10:05:20,837 - openevolve.evaluator - INFO - Successfully loaded evaluation function from /Users/sac/autofde-lab/openevolve_output/generated_evaluator.py
2026-08-07 10:05:20,837 - openevolve.evaluator - WARNING - Configuration has 'cascade_evaluation: true' but evaluator '/Users/sac/autofde-lab/openevolve_output/generated_evaluator.py' does not define 'evaluate_stage1' function. This will fall back to direct evaluation, making the cascade setting useless. Consider setting 'cascade_evaluation: false' or implementing cascade functions.
2026-08-07 10:05:20,837 - openevolve.evaluator - INFO - Initialized evaluator with /Users/sac/autofde-lab/openevolve_output/generated_evaluator.py
2026-08-07 10:05:20,837 - openevolve.controller - INFO - Initialized OpenEvolve with /Users/sac/autofde-lab/openevolve_output/generated_initial_program.py
2026-08-07 10:05:20,841 - openevolve.evaluator - INFO - Evaluated program 998d1c38-1d62-429a-8116-14a3a77ad000 in 0.00s: cost=4.5000, nb_reached_goals=0.0000, combined_score=-4.5000
2026-08-07 10:05:20,842 - openevolve.controller - INFO - Logging to /Users/sac/autofde-lab/openevolve_output/logs/openevolve_20260807_100520.log
2026-08-07 10:05:20,842 - openevolve.controller - INFO - Logging to /Users/sac/autofde-lab/openevolve_output/logs/openevolve_20260807_100520.log
2026-08-07 10:05:20,842 - openevolve.controller - INFO - Set random seed to 42 for reproducibility
2026-08-07 10:05:20,842 - openevolve.controller - INFO - Set random seed to 42 for reproducibility
2026-08-07 10:05:20,843 - openevolve.prompt.sampler - INFO - Set custom templates: system=evaluator_system_message, user=None
2026-08-07 10:05:20,843 - openevolve.prompt.sampler - INFO - Set custom templates: system=evaluator_system_message, user=None
2026-08-07 10:05:20,843 - openevolve.database - INFO - Initialized program database with 0 programs
2026-08-07 10:05:20,843 - openevolve.database - INFO - Initialized program database with 0 programs
2026-08-07 10:05:20,843 - openevolve.evaluator - INFO - Successfully loaded evaluation function from /Users/sac/autofde-lab/openevolve_output/generated_evaluator.py
2026-08-07 10:05:20,843 - openevolve.evaluator - INFO - Successfully loaded evaluation function from /Users/sac/autofde-lab/openevolve_output/generated_evaluator.py
2026-08-07 10:05:20,843 - openevolve.evaluator - WARNING - Configuration has 'cascade_evaluation: true' but evaluator '/Users/sac/autofde-lab/openevolve_output/generated_evaluator.py' does not define 'evaluate_stage1' function. This will fall back to direct evaluation, making the cascade setting useless. Consider setting 'cascade_evaluation: false' or implementing cascade functions.
2026-08-07 10:05:20,843 - openevolve.evaluator - WARNING - Configuration has 'cascade_evaluation: true' but evaluator '/Users/sac/autofde-lab/openevolve_output/generated_evaluator.py' does not define 'evaluate_stage1' function. This will fall back to direct evaluation, making the cascade setting useless. Consider setting 'cascade_evaluation: false' or implementing cascade functions.
2026-08-07 10:05:20,843 - openevolve.evaluator - INFO - Initialized evaluator with /Users/sac/autofde-lab/openevolve_output/generated_evaluator.py
2026-08-07 10:05:20,843 - openevolve.evaluator - INFO - Initialized evaluator with /Users/sac/autofde-lab/openevolve_output/generated_evaluator.py
2026-08-07 10:05:20,843 - openevolve.controller - INFO - Initialized OpenEvolve with /Users/sac/autofde-lab/openevolve_output/generated_initial_program.py
2026-08-07 10:05:20,843 - openevolve.controller - INFO - Initialized OpenEvolve with /Users/sac/autofde-lab/openevolve_output/generated_initial_program.py
2026-08-07 10:05:20,847 - openevolve.evaluator - INFO - Evaluated program c523f6a2-ad20-4b02-aed9-aa8004027987 in 0.00s: cost=4.3200, nb_reached_goals=0.0000, combined_score=-4.3200
2026-08-07 10:05:20,847 - openevolve.evaluator - INFO - Evaluated program c523f6a2-ad20-4b02-aed9-aa8004027987 in 0.00s: cost=4.3200, nb_reached_goals=0.0000, combined_score=-4.3200
2026-08-07 10:07:29,818 - root - WARNING - Using custom GNN. custom_param=3.14
2026-08-07 10:07:29,818 - root - WARNING - Using custom GNN. custom_param=3.14
2026-08-07 10:07:30,094 - root - WARNING - Using custom GNN. custom_param=3.14
2026-08-07 10:07:30,094 - root - WARNING - Using custom GNN. custom_param=3.14
2026-08-07 10:07:30,098 - root - WARNING - Using custom GNN. custom_param=3.14
2026-08-07 10:07:30,098 - root - WARNING - Using custom GNN. custom_param=3.14
2026-08-07 10:07:30,341 - root - WARNING - Using custom GNN. custom_param=3.14
2026-08-07 10:07:30,341 - root - WARNING - Using custom GNN. custom_param=3.14
2026-08-07 10:07:30,345 - root - WARNING - Using custom reduction layer. custom_param=3.14
2026-08-07 10:07:30,345 - root - WARNING - Using custom reduction layer. custom_param=3.14
2026-08-07 10:07:30,553 - root - WARNING - Using custom reduction layer. custom_param=3.14
2026-08-07 10:07:30,553 - root - WARNING - Using custom reduction layer. custom_param=3.14
2026-08-07 10:07:30,557 - root - WARNING - Using custom reduction layer. custom_param=3.14
2026-08-07 10:07:30,557 - root - WARNING - Using custom reduction layer. custom_param=3.14
2026-08-07 10:07:30,773 - root - WARNING - Using custom reduction layer. custom_param=3.14
2026-08-07 10:07:30,773 - root - WARNING - Using custom reduction layer. custom_param=3.14
2026-08-07 10:07:42,518 - jax._src.xla_bridge - INFO - Unable to initialize backend 'rocm': module 'jaxlib.xla_extension' has no attribute 'GpuAllocatorConfig'
2026-08-07 10:07:42,518 - jax._src.xla_bridge - INFO - Unable to initialize backend 'rocm': module 'jaxlib.xla_extension' has no attribute 'GpuAllocatorConfig'
2026-08-07 10:07:42,522 - jax._src.xla_bridge - INFO - Unable to initialize backend 'tpu': INTERNAL: Failed to open libtpu.so: dlopen(libtpu.so, 0x0001): tried: 'libtpu.so' (no such file), '/System/Volumes/Preboot/Cryptexes/OSlibtpu.so' (no such file), '/usr/lib/libtpu.so' (no such file, not in dyld cache), 'libtpu.so' (no such file), '/usr/local/lib/libtpu.so' (no such file), '/usr/lib/libtpu.so' (no such file, not in dyld cache)
2026-08-07 10:07:42,522 - jax._src.xla_bridge - INFO - Unable to initialize backend 'tpu': INTERNAL: Failed to open libtpu.so: dlopen(libtpu.so, 0x0001): tried: 'libtpu.so' (no such file), '/System/Volumes/Preboot/Cryptexes/OSlibtpu.so' (no such file), '/usr/lib/libtpu.so' (no such file, not in dyld cache), 'libtpu.so' (no such file), '/usr/local/lib/libtpu.so' (no such file), '/usr/lib/libtpu.so' (no such file, not in dyld cache)
2026-08-07 10:07:50,944 - gurobipy - INFO - Restricted license - for non-production use only - expires 2027-11-29
2026-08-07 10:07:50,944 - gurobipy - INFO - Restricted license - for non-production use only - expires 2027-11-29
2026-08-07 10:07:50,951 - gurobipy - INFO - Set parameter NonConvex to value 2
2026-08-07 10:07:50,951 - gurobipy - INFO - Set parameter NonConvex to value 2
2026-08-07 10:07:50,971 - gurobipy - INFO - Set parameter NonConvex to value 2
2026-08-07 10:07:50,971 - gurobipy - INFO - Set parameter NonConvex to value 2
2026-08-07 10:07:50,976 - gurobipy - INFO - Set parameter NonConvex to value 2
2026-08-07 10:07:50,976 - gurobipy - INFO - Set parameter NonConvex to value 2
2026-08-07 10:07:50,981 - gurobipy - INFO - Set parameter NonConvex to value 2
2026-08-07 10:07:50,981 - gurobipy - INFO - Set parameter NonConvex to value 2
2026-08-07 10:07:50,987 - gurobipy - INFO - Set parameter NonConvex to value 2
2026-08-07 10:07:50,987 - gurobipy - INFO - Set parameter NonConvex to value 2
2026-08-07 10:07:50,991 - gurobipy - INFO - Set parameter NonConvex to value 2
2026-08-07 10:07:50,991 - gurobipy - INFO - Set parameter NonConvex to value 2
2026-08-07 10:07:50,996 - gurobipy - INFO - Set parameter NonConvex to value 2
2026-08-07 10:07:50,996 - gurobipy - INFO - Set parameter NonConvex to value 2
2026-08-07 10:07:51,000 - gurobipy - INFO - Set parameter NonConvex to value 2
2026-08-07 10:07:51,000 - gurobipy - INFO - Set parameter NonConvex to value 2
2026-08-07 10:07:51,007 - gurobipy - INFO - Set parameter NonConvex to value 2
2026-08-07 10:07:51,007 - gurobipy - INFO - Set parameter NonConvex to value 2
2026-08-07 10:07:51,013 - gurobipy - INFO - Set parameter NonConvex to value 2
2026-08-07 10:07:51,013 - gurobipy - INFO - Set parameter NonConvex to value 2
2026-08-07 10:07:51,019 - gurobipy - INFO - Set parameter NonConvex to value 2
2026-08-07 10:07:51,019 - gurobipy - INFO - Set parameter NonConvex to value 2
2026-08-07 10:07:51,023 - gurobipy - INFO - Set parameter NonConvex to value 2
2026-08-07 10:07:51,023 - gurobipy - INFO - Set parameter NonConvex to value 2
2026-08-07 10:07:51,028 - gurobipy - INFO - Set parameter NonConvex to value 2
2026-08-07 10:07:51,028 - gurobipy - INFO - Set parameter NonConvex to value 2
2026-08-07 10:07:51,033 - gurobipy - INFO - Set parameter NonConvex to value 2
2026-08-07 10:07:51,033 - gurobipy - INFO - Set parameter NonConvex to value 2
2026-08-07 10:07:51,037 - gurobipy - INFO - Set parameter NonConvex to value 2
2026-08-07 10:07:51,037 - gurobipy - INFO - Set parameter NonConvex to value 2
2026-08-07 10:07:51,042 - gurobipy - INFO - Set parameter NonConvex to value 2
2026-08-07 10:07:51,042 - gurobipy - INFO - Set parameter NonConvex to value 2
2026-08-07 10:07:51,048 - gurobipy - INFO - Set parameter NonConvex to value 2
2026-08-07 10:07:51,048 - gurobipy - INFO - Set parameter NonConvex to value 2
2026-08-07 10:07:51,054 - gurobipy - INFO - Set parameter NonConvex to value 2
2026-08-07 10:07:51,054 - gurobipy - INFO - Set parameter NonConvex to value 2
2026-08-07 10:07:51,060 - gurobipy - INFO - Set parameter NonConvex to value 2
2026-08-07 10:07:51,060 - gurobipy - INFO - Set parameter NonConvex to value 2
2026-08-07 10:07:51,066 - gurobipy - INFO - Set parameter NonConvex to value 2
2026-08-07 10:07:51,066 - gurobipy - INFO - Set parameter NonConvex to value 2
2026-08-07 10:07:51,071 - gurobipy - INFO - Set parameter NonConvex to value 2
2026-08-07 10:07:51,071 - gurobipy - INFO - Set parameter NonConvex to value 2
2026-08-07 10:07:51,076 - gurobipy - INFO - Set parameter NonConvex to value 2
2026-08-07 10:07:51,076 - gurobipy - INFO - Set parameter NonConvex to value 2
2026-08-07 10:07:51,080 - gurobipy - INFO - Set parameter NonConvex to value 2
2026-08-07 10:07:51,080 - gurobipy - INFO - Set parameter NonConvex to value 2
2026-08-07 10:07:51,086 - gurobipy - INFO - Set parameter NonConvex to value 2
2026-08-07 10:07:51,086 - gurobipy - INFO - Set parameter NonConvex to value 2
2026-08-07 10:07:51,091 - gurobipy - INFO - Set parameter NonConvex to value 2
2026-08-07 10:07:51,091 - gurobipy - INFO - Set parameter NonConvex to value 2
2026-08-07 10:07:51,096 - gurobipy - INFO - Set parameter NonConvex to value 2
2026-08-07 10:07:51,096 - gurobipy - INFO - Set parameter NonConvex to value 2
2026-08-07 10:07:51,102 - gurobipy - INFO - Set parameter NonConvex to value 2
2026-08-07 10:07:51,102 - gurobipy - INFO - Set parameter NonConvex to value 2
2026-08-07 10:07:51,107 - gurobipy - INFO - Set parameter NonConvex to value 2
2026-08-07 10:07:51,107 - gurobipy - INFO - Set parameter NonConvex to value 2
2026-08-07 10:07:51,111 - gurobipy - INFO - Set parameter NonConvex to value 2
2026-08-07 10:07:51,111 - gurobipy - INFO - Set parameter NonConvex to value 2
2026-08-07 10:07:51,116 - gurobipy - INFO - Set parameter NonConvex to value 2
2026-08-07 10:07:51,116 - gurobipy - INFO - Set parameter NonConvex to value 2
2026-08-07 10:07:51,120 - gurobipy - INFO - Set parameter NonConvex to value 2
2026-08-07 10:07:51,120 - gurobipy - INFO - Set parameter NonConvex to value 2
2026-08-07 10:07:51,125 - gurobipy - INFO - Set parameter NonConvex to value 2
2026-08-07 10:07:51,125 - gurobipy - INFO - Set parameter NonConvex to value 2
2026-08-07 10:07:51,131 - gurobipy - INFO - Set parameter NonConvex to value 2
2026-08-07 10:07:51,131 - gurobipy - INFO - Set parameter NonConvex to value 2
2026-08-07 10:07:51,135 - gurobipy - INFO - Set parameter NonConvex to value 2
2026-08-07 10:07:51,135 - gurobipy - INFO - Set parameter NonConvex to value 2
2026-08-07 10:07:51,140 - gurobipy - INFO - Set parameter NonConvex to value 2
2026-08-07 10:07:51,140 - gurobipy - INFO - Set parameter NonConvex to value 2
2026-08-07 10:07:51,145 - gurobipy - INFO - Set parameter NonConvex to value 2
2026-08-07 10:07:51,145 - gurobipy - INFO - Set parameter NonConvex to value 2
2026-08-07 10:07:51,151 - gurobipy - INFO - Set parameter NonConvex to value 2
2026-08-07 10:07:51,151 - gurobipy - INFO - Set parameter NonConvex to value 2
2026-08-07 10:07:51,157 - gurobipy - INFO - Set parameter NonConvex to value 2
2026-08-07 10:07:51,157 - gurobipy - INFO - Set parameter NonConvex to value 2
2026-08-07 10:07:51,163 - gurobipy - INFO - Set parameter NonConvex to value 2
2026-08-07 10:07:51,163 - gurobipy - INFO - Set parameter NonConvex to value 2
2026-08-07 10:07:51,168 - gurobipy - INFO - Set parameter NonConvex to value 2
2026-08-07 10:07:51,168 - gurobipy - INFO - Set parameter NonConvex to value 2
2026-08-07 10:07:51,172 - gurobipy - INFO - Set parameter NonConvex to value 2
2026-08-07 10:07:51,172 - gurobipy - INFO - Set parameter NonConvex to value 2
2026-08-07 10:07:51,177 - gurobipy - INFO - Set parameter NonConvex to value 2
2026-08-07 10:07:51,177 - gurobipy - INFO - Set parameter NonConvex to value 2
2026-08-07 10:07:51,183 - gurobipy - INFO - Set parameter NonConvex to value 2
2026-08-07 10:07:51,183 - gurobipy - INFO - Set parameter NonConvex to value 2
2026-08-07 10:07:51,189 - gurobipy - INFO - Set parameter NonConvex to value 2
2026-08-07 10:07:51,189 - gurobipy - INFO - Set parameter NonConvex to value 2
2026-08-07 10:07:51,194 - gurobipy - INFO - Set parameter NonConvex to value 2
2026-08-07 10:07:51,194 - gurobipy - INFO - Set parameter NonConvex to value 2
2026-08-07 10:07:51,199 - gurobipy - INFO - Set parameter NonConvex to value 2
2026-08-07 10:07:51,199 - gurobipy - INFO - Set parameter NonConvex to value 2
2026-08-07 10:07:51,205 - gurobipy - INFO - Set parameter NonConvex to value 2
2026-08-07 10:07:51,205 - gurobipy - INFO - Set parameter NonConvex to value 2
2026-08-07 10:07:51,210 - gurobipy - INFO - Set parameter NonConvex to value 2
2026-08-07 10:07:51,210 - gurobipy - INFO - Set parameter NonConvex to value 2
2026-08-07 10:07:51,216 - gurobipy - INFO - Set parameter NonConvex to value 2
2026-08-07 10:07:51,216 - gurobipy - INFO - Set parameter NonConvex to value 2
2026-08-07 10:07:51,222 - gurobipy - INFO - Set parameter NonConvex to value 2
2026-08-07 10:07:51,222 - gurobipy - INFO - Set parameter NonConvex to value 2
2026-08-07 10:07:51,227 - gurobipy - INFO - Set parameter NonConvex to value 2
2026-08-07 10:07:51,227 - gurobipy - INFO - Set parameter NonConvex to value 2
2026-08-07 10:07:51,232 - gurobipy - INFO - Set parameter NonConvex to value 2
2026-08-07 10:07:51,232 - gurobipy - INFO - Set parameter NonConvex to value 2
2026-08-07 10:07:51,237 - gurobipy - INFO - Set parameter NonConvex to value 2
2026-08-07 10:07:51,237 - gurobipy - INFO - Set parameter NonConvex to value 2
2026-08-07 10:07:51,242 - gurobipy - INFO - Set parameter NonConvex to value 2
2026-08-07 10:07:51,242 - gurobipy - INFO - Set parameter NonConvex to value 2
2026-08-07 10:07:51,247 - gurobipy - INFO - Set parameter NonConvex to value 2
2026-08-07 10:07:51,247 - gurobipy - INFO - Set parameter NonConvex to value 2
2026-08-07 10:07:51,252 - gurobipy - INFO - Set parameter NonConvex to value 2
2026-08-07 10:07:51,252 - gurobipy - INFO - Set parameter NonConvex to value 2
2026-08-07 10:07:51,257 - gurobipy - INFO - Set parameter NonConvex to value 2
2026-08-07 10:07:51,257 - gurobipy - INFO - Set parameter NonConvex to value 2
2026-08-07 10:07:51,261 - gurobipy - INFO - Set parameter NonConvex to value 2
2026-08-07 10:07:51,261 - gurobipy - INFO - Set parameter NonConvex to value 2
2026-08-07 10:07:51,266 - gurobipy - INFO - Set parameter NonConvex to value 2
2026-08-07 10:07:51,266 - gurobipy - INFO - Set parameter NonConvex to value 2
2026-08-07 10:07:51,271 - gurobipy - INFO - Set parameter NonConvex to value 2
2026-08-07 10:07:51,271 - gurobipy - INFO - Set parameter NonConvex to value 2
2026-08-07 10:07:51,276 - gurobipy - INFO - Set parameter NonConvex to value 2
2026-08-07 10:07:51,276 - gurobipy - INFO - Set parameter NonConvex to value 2
2026-08-07 10:07:51,282 - gurobipy - INFO - Set parameter NonConvex to value 2
2026-08-07 10:07:51,282 - gurobipy - INFO - Set parameter NonConvex to value 2
2026-08-07 10:07:51,287 - gurobipy - INFO - Set parameter NonConvex to value 2
2026-08-07 10:07:51,287 - gurobipy - INFO - Set parameter NonConvex to value 2
2026-08-07 10:07:51,293 - gurobipy - INFO - Set parameter NonConvex to value 2
2026-08-07 10:07:51,293 - gurobipy - INFO - Set parameter NonConvex to value 2
2026-08-07 10:07:51,298 - gurobipy - INFO - Set parameter NonConvex to value 2
2026-08-07 10:07:51,298 - gurobipy - INFO - Set parameter NonConvex to value 2
2026-08-07 10:07:51,304 - gurobipy - INFO - Set parameter NonConvex to value 2
2026-08-07 10:07:51,304 - gurobipy - INFO - Set parameter NonConvex to value 2
2026-08-07 10:07:51,309 - gurobipy - INFO - Set parameter NonConvex to value 2
2026-08-07 10:07:51,309 - gurobipy - INFO - Set parameter NonConvex to value 2
2026-08-07 10:07:51,315 - gurobipy - INFO - Set parameter NonConvex to value 2
2026-08-07 10:07:51,315 - gurobipy - INFO - Set parameter NonConvex to value 2
2026-08-07 10:07:51,320 - gurobipy - INFO - Set parameter NonConvex to value 2
2026-08-07 10:07:51,320 - gurobipy - INFO - Set parameter NonConvex to value 2
2026-08-07 10:07:51,325 - gurobipy - INFO - Set parameter NonConvex to value 2
2026-08-07 10:07:51,325 - gurobipy - INFO - Set parameter NonConvex to value 2
2026-08-07 10:07:51,330 - gurobipy - INFO - Set parameter NonConvex to value 2
2026-08-07 10:07:51,330 - gurobipy - INFO - Set parameter NonConvex to value 2
2026-08-07 10:07:51,336 - gurobipy - INFO - Set parameter NonConvex to value 2
2026-08-07 10:07:51,336 - gurobipy - INFO - Set parameter NonConvex to value 2
2026-08-07 10:07:51,342 - gurobipy - INFO - Set parameter NonConvex to value 2
2026-08-07 10:07:51,342 - gurobipy - INFO - Set parameter NonConvex to value 2
2026-08-07 10:07:51,347 - gurobipy - INFO - Set parameter NonConvex to value 2
2026-08-07 10:07:51,347 - gurobipy - INFO - Set parameter NonConvex to value 2
2026-08-07 10:07:51,353 - gurobipy - INFO - Set parameter NonConvex to value 2
2026-08-07 10:07:51,353 - gurobipy - INFO - Set parameter NonConvex to value 2
2026-08-07 10:07:51,358 - gurobipy - INFO - Set parameter NonConvex to value 2
2026-08-07 10:07:51,358 - gurobipy - INFO - Set parameter NonConvex to value 2
2026-08-07 10:07:51,364 - gurobipy - INFO - Set parameter NonConvex to value 2
2026-08-07 10:07:51,364 - gurobipy - INFO - Set parameter NonConvex to value 2
2026-08-07 10:07:51,369 - gurobipy - INFO - Set parameter NonConvex to value 2
2026-08-07 10:07:51,369 - gurobipy - INFO - Set parameter NonConvex to value 2
2026-08-07 10:07:51,374 - gurobipy - INFO - Set parameter NonConvex to value 2
2026-08-07 10:07:51,374 - gurobipy - INFO - Set parameter NonConvex to value 2
2026-08-07 10:07:53,854 - solvers.python.test_python_solvers - WARNING - End of iteration #1.
2026-08-07 10:07:53,854 - solvers.python.test_python_solvers - WARNING - End of iteration #1.
2026-08-07 10:07:53,854 - solvers.python.test_python_solvers - WARNING - End of iteration #2.
2026-08-07 10:07:53,854 - solvers.python.test_python_solvers - WARNING - End of iteration #2.
2026-08-07 10:07:53,868 - solvers.python.test_python_solvers - WARNING - End of iteration #1.
2026-08-07 10:07:53,868 - solvers.python.test_python_solvers - WARNING - End of iteration #1.
2026-08-07 10:07:53,871 - solvers.python.test_python_solvers - WARNING - End of iteration #2.
2026-08-07 10:07:53,871 - solvers.python.test_python_solvers - WARNING - End of iteration #2.
2026-08-07 10:07:53,989 - solvers.python.test_python_solvers - WARNING - End of iteration #1.
2026-08-07 10:07:53,989 - solvers.python.test_python_solvers - WARNING - End of iteration #1.
2026-08-07 10:07:53,989 - solvers.python.test_python_solvers - WARNING - End of iteration #2.
2026-08-07 10:07:53,989 - solvers.python.test_python_solvers - WARNING - End of iteration #2.
2026-08-07 10:08:17,937 - root - INFO - Grounding start: robot
2026-08-07 10:08:17,937 - root - INFO - Grounding start: robot
2026-08-07 10:08:17,939 - root - INFO - Relevance analysis removed 0 facts
2026-08-07 10:08:17,939 - root - INFO - Relevance analysis removed 0 facts
2026-08-07 10:08:17,939 - root - INFO - Grounding end: robot
2026-08-07 10:08:17,939 - root - INFO - Grounding end: robot
2026-08-07 10:08:17,939 - root - INFO - 10 Variables created
2026-08-07 10:08:17,939 - root - INFO - 10 Variables created
2026-08-07 10:08:17,939 - root - INFO - 9 Operators created
2026-08-07 10:08:17,939 - root - INFO - 9 Operators created
2026-08-07 10:08:17,939 - root - INFO - Search start: robot
2026-08-07 10:08:17,939 - root - INFO - Search start: robot
2026-08-07 10:08:17,939 - root - INFO - Initial h value: 9.000000
2026-08-07 10:08:17,939 - root - INFO - Initial h value: 9.000000
2026-08-07 10:08:17,939 - root - INFO - Goal reached. Start extraction of solution.
2026-08-07 10:08:17,939 - root - INFO - Goal reached. Start extraction of solution.
2026-08-07 10:08:17,939 - root - INFO - 10 Nodes expanded
2026-08-07 10:08:17,939 - root - INFO - 10 Nodes expanded
2026-08-07 10:08:17,939 - root - INFO - Search end: robot
2026-08-07 10:08:17,939 - root - INFO - Search end: robot
2026-08-07 10:08:18,656 - autofde_lab.optuna_utils - INFO - Launching trial 0 with parameters: {'solver': 'UPSolver', 'UPSolver.name': 'fast-downward'}
2026-08-07 10:08:18,656 - autofde_lab.optuna_utils - INFO - Launching trial 0 with parameters: {'solver': 'UPSolver', 'UPSolver.name': 'fast-downward'}
2026-08-07 10:08:18,864 - autofde_lab.optuna_utils - INFO - Launching trial 1 with parameters: {'solver': 'UPSolver', 'UPSolver.name': 'enhsp'}
2026-08-07 10:08:18,864 - autofde_lab.optuna_utils - INFO - Launching trial 1 with parameters: {'solver': 'UPSolver', 'UPSolver.name': 'enhsp'}
2026-08-07 10:08:18,938 - autofde_lab.optuna_utils - INFO - Launching trial 2 with parameters: {'solver': 'UPSolver', 'UPSolver.name': 'enhsp-any'}
2026-08-07 10:08:18,938 - autofde_lab.optuna_utils - INFO - Launching trial 2 with parameters: {'solver': 'UPSolver', 'UPSolver.name': 'enhsp-any'}
2026-08-07 10:08:19,010 - autofde_lab.optuna_utils - INFO - Launching trial 3 with parameters: {'solver': 'UPSolver', 'UPSolver.name': 'pyperplan'}
2026-08-07 10:08:19,010 - autofde_lab.optuna_utils - INFO - Launching trial 3 with parameters: {'solver': 'UPSolver', 'UPSolver.name': 'pyperplan'}
2026-08-07 10:08:19,039 - root - INFO - Grounding start: robot
2026-08-07 10:08:19,039 - root - INFO - Grounding start: robot
2026-08-07 10:08:19,039 - root - INFO - Relevance analysis removed 0 facts
2026-08-07 10:08:19,039 - root - INFO - Relevance analysis removed 0 facts
2026-08-07 10:08:19,039 - root - INFO - Grounding end: robot
2026-08-07 10:08:19,039 - root - INFO - Grounding end: robot
2026-08-07 10:08:19,039 - root - INFO - 10 Variables created
2026-08-07 10:08:19,039 - root - INFO - 10 Variables created
2026-08-07 10:08:19,039 - root - INFO - 9 Operators created
2026-08-07 10:08:19,039 - root - INFO - 9 Operators created
2026-08-07 10:08:19,039 - root - INFO - Search start: robot
2026-08-07 10:08:19,039 - root - INFO - Search start: robot
2026-08-07 10:08:19,039 - root - INFO - Initial h value: 9.000000
2026-08-07 10:08:19,039 - root - INFO - Initial h value: 9.000000
2026-08-07 10:08:19,039 - root - INFO - Goal reached. Start extraction of solution.
2026-08-07 10:08:19,039 - root - INFO - Goal reached. Start extraction of solution.
2026-08-07 10:08:19,039 - root - INFO - 10 Nodes expanded
2026-08-07 10:08:19,039 - root - INFO - 10 Nodes expanded
2026-08-07 10:08:19,039 - root - INFO - Search end: robot
2026-08-07 10:08:19,039 - root - INFO - Search end: robot
2026-08-07 10:08:19,057 - autofde_lab.optuna_utils - INFO - Launching trial 4 with parameters: {'solver': 'UPSolver', 'UPSolver.name': 'enhsp-opt'}
2026-08-07 10:08:19,057 - autofde_lab.optuna_utils - INFO - Launching trial 4 with parameters: {'solver': 'UPSolver', 'UPSolver.name': 'enhsp-opt'}
2026-08-07 10:08:19,123 - autofde_lab.optuna_utils - INFO - Launching trial 5 with parameters: {'solver': 'UPSolver', 'UPSolver.name': 'fast-downward-opt'}
2026-08-07 10:08:19,123 - autofde_lab.optuna_utils - INFO - Launching trial 5 with parameters: {'solver': 'UPSolver', 'UPSolver.name': 'fast-downward-opt'}
2026-08-07 10:08:19,323 - autofde_lab.optuna_utils - INFO - Launching trial 6 with parameters: {'solver': 'UPSolver', 'UPSolver.name': 'pyperplan-opt'}
2026-08-07 10:08:19,323 - autofde_lab.optuna_utils - INFO - Launching trial 6 with parameters: {'solver': 'UPSolver', 'UPSolver.name': 'pyperplan-opt'}
2026-08-07 10:08:19,353 - root - INFO - Grounding start: robot
2026-08-07 10:08:19,353 - root - INFO - Grounding start: robot
2026-08-07 10:08:19,353 - root - INFO - Relevance analysis removed 0 facts
2026-08-07 10:08:19,353 - root - INFO - Relevance analysis removed 0 facts
2026-08-07 10:08:19,353 - root - INFO - Grounding end: robot
2026-08-07 10:08:19,353 - root - INFO - Grounding end: robot
2026-08-07 10:08:19,353 - root - INFO - 10 Variables created
2026-08-07 10:08:19,353 - root - INFO - 10 Variables created
2026-08-07 10:08:19,353 - root - INFO - 9 Operators created
2026-08-07 10:08:19,353 - root - INFO - 9 Operators created
2026-08-07 10:08:19,353 - root - INFO - Search start: robot
2026-08-07 10:08:19,353 - root - INFO - Search start: robot
2026-08-07 10:08:19,354 - root - INFO - Initial h value: 9.000000
2026-08-07 10:08:19,354 - root - INFO - Initial h value: 9.000000
2026-08-07 10:08:19,354 - root - INFO - Goal reached. Start extraction of solution.
2026-08-07 10:08:19,354 - root - INFO - Goal reached. Start extraction of solution.
2026-08-07 10:08:19,354 - root - INFO - 10 Nodes expanded
2026-08-07 10:08:19,354 - root - INFO - 10 Nodes expanded
2026-08-07 10:08:19,354 - root - INFO - Search end: robot
2026-08-07 10:08:19,354 - root - INFO - Search end: robot
