2026-08-07 10:24:21,217 - openevolve.controller - INFO - Logging to /Users/sac/autofde-lab/openevolve_output/logs/openevolve_20260807_102421.log
2026-08-07 10:24:21,217 - openevolve.controller - INFO - Set random seed to 42 for reproducibility
2026-08-07 10:24:21,219 - openevolve.prompt.sampler - INFO - Set custom templates: system=evaluator_system_message, user=None
2026-08-07 10:24:21,219 - openevolve.database - INFO - Initialized program database with 0 programs
2026-08-07 10:24:21,220 - openevolve.evaluator - INFO - Successfully loaded evaluation function from /Users/sac/autofde-lab/openevolve_output/generated_evaluator.py
2026-08-07 10:24:21,220 - openevolve.evaluator - WARNING - Configuration has 'cascade_evaluation: true' but evaluator '/Users/sac/autofde-lab/openevolve_output/generated_evaluator.py' does not define 'evaluate_stage1' function. This will fall back to direct evaluation, making the cascade setting useless. Consider setting 'cascade_evaluation: false' or implementing cascade functions.
2026-08-07 10:24:21,220 - openevolve.evaluator - INFO - Initialized evaluator with /Users/sac/autofde-lab/openevolve_output/generated_evaluator.py
2026-08-07 10:24:21,220 - openevolve.controller - INFO - Initialized OpenEvolve with /Users/sac/autofde-lab/openevolve_output/generated_initial_program.py
2026-08-07 10:24:21,224 - openevolve.evaluator - INFO - Evaluated program bc3e2534-d25a-4330-b90d-0c490ae63607 in 0.00s: cost=4.5400, nb_reached_goals=0.0000, combined_score=-4.5400
2026-08-07 10:24:21,226 - openevolve.controller - INFO - Logging to /Users/sac/autofde-lab/openevolve_output/logs/openevolve_20260807_102421.log
2026-08-07 10:24:21,226 - openevolve.controller - INFO - Logging to /Users/sac/autofde-lab/openevolve_output/logs/openevolve_20260807_102421.log
2026-08-07 10:24:21,226 - openevolve.controller - INFO - Set random seed to 42 for reproducibility
2026-08-07 10:24:21,226 - openevolve.controller - INFO - Set random seed to 42 for reproducibility
2026-08-07 10:24:21,227 - openevolve.prompt.sampler - INFO - Set custom templates: system=evaluator_system_message, user=None
2026-08-07 10:24:21,227 - openevolve.prompt.sampler - INFO - Set custom templates: system=evaluator_system_message, user=None
2026-08-07 10:24:21,227 - openevolve.database - INFO - Initialized program database with 0 programs
2026-08-07 10:24:21,227 - openevolve.database - INFO - Initialized program database with 0 programs
2026-08-07 10:24:21,227 - openevolve.evaluator - INFO - Successfully loaded evaluation function from /Users/sac/autofde-lab/openevolve_output/generated_evaluator.py
2026-08-07 10:24:21,227 - openevolve.evaluator - INFO - Successfully loaded evaluation function from /Users/sac/autofde-lab/openevolve_output/generated_evaluator.py
2026-08-07 10:24:21,228 - openevolve.evaluator - WARNING - Configuration has 'cascade_evaluation: true' but evaluator '/Users/sac/autofde-lab/openevolve_output/generated_evaluator.py' does not define 'evaluate_stage1' function. This will fall back to direct evaluation, making the cascade setting useless. Consider setting 'cascade_evaluation: false' or implementing cascade functions.
2026-08-07 10:24:21,228 - openevolve.evaluator - WARNING - Configuration has 'cascade_evaluation: true' but evaluator '/Users/sac/autofde-lab/openevolve_output/generated_evaluator.py' does not define 'evaluate_stage1' function. This will fall back to direct evaluation, making the cascade setting useless. Consider setting 'cascade_evaluation: false' or implementing cascade functions.
2026-08-07 10:24:21,228 - openevolve.evaluator - INFO - Initialized evaluator with /Users/sac/autofde-lab/openevolve_output/generated_evaluator.py
2026-08-07 10:24:21,228 - openevolve.evaluator - INFO - Initialized evaluator with /Users/sac/autofde-lab/openevolve_output/generated_evaluator.py
2026-08-07 10:24:21,228 - openevolve.controller - INFO - Initialized OpenEvolve with /Users/sac/autofde-lab/openevolve_output/generated_initial_program.py
2026-08-07 10:24:21,228 - openevolve.controller - INFO - Initialized OpenEvolve with /Users/sac/autofde-lab/openevolve_output/generated_initial_program.py
2026-08-07 10:24:21,232 - openevolve.evaluator - INFO - Evaluated program 3979fe8f-3c35-4c62-a72f-17614e28be33 in 0.00s: cost=4.4700, nb_reached_goals=0.0000, combined_score=-4.4700
2026-08-07 10:24:21,232 - openevolve.evaluator - INFO - Evaluated program 3979fe8f-3c35-4c62-a72f-17614e28be33 in 0.00s: cost=4.4700, nb_reached_goals=0.0000, combined_score=-4.4700
2026-08-07 10:25:19,916 - root - WARNING - Using custom GNN. custom_param=3.14
2026-08-07 10:25:19,916 - root - WARNING - Using custom GNN. custom_param=3.14
2026-08-07 10:25:21,515 - root - WARNING - Using custom GNN. custom_param=3.14
2026-08-07 10:25:21,515 - root - WARNING - Using custom GNN. custom_param=3.14
2026-08-07 10:25:27,945 - root - WARNING - Using custom GNN. custom_param=3.14
2026-08-07 10:25:27,945 - root - WARNING - Using custom GNN. custom_param=3.14
2026-08-07 10:25:29,428 - root - WARNING - Using custom GNN. custom_param=3.14
2026-08-07 10:25:29,428 - root - WARNING - Using custom GNN. custom_param=3.14
2026-08-07 10:25:35,809 - root - WARNING - Using custom reduction layer. custom_param=3.14
2026-08-07 10:25:35,809 - root - WARNING - Using custom reduction layer. custom_param=3.14
2026-08-07 10:25:37,226 - root - WARNING - Using custom reduction layer. custom_param=3.14
2026-08-07 10:25:37,226 - root - WARNING - Using custom reduction layer. custom_param=3.14
2026-08-07 10:25:43,663 - root - WARNING - Using custom reduction layer. custom_param=3.14
2026-08-07 10:25:43,663 - root - WARNING - Using custom reduction layer. custom_param=3.14
2026-08-07 10:25:45,031 - root - WARNING - Using custom reduction layer. custom_param=3.14
2026-08-07 10:25:45,031 - root - WARNING - Using custom reduction layer. custom_param=3.14
2026-08-07 10:27:16,018 - root - WARNING - Using custom GNN. custom_param=3.14
2026-08-07 10:27:16,018 - root - WARNING - Using custom GNN. custom_param=3.14
2026-08-07 10:27:17,580 - root - WARNING - Using custom GNN. custom_param=3.14
2026-08-07 10:27:17,580 - root - WARNING - Using custom GNN. custom_param=3.14
2026-08-07 10:27:24,226 - root - WARNING - Using custom GNN. custom_param=3.14
2026-08-07 10:27:24,226 - root - WARNING - Using custom GNN. custom_param=3.14
2026-08-07 10:27:25,807 - root - WARNING - Using custom GNN. custom_param=3.14
2026-08-07 10:27:25,807 - root - WARNING - Using custom GNN. custom_param=3.14
2026-08-07 10:27:32,321 - root - WARNING - Using custom GNN. custom_param=3.14
2026-08-07 10:27:32,321 - root - WARNING - Using custom GNN. custom_param=3.14
2026-08-07 10:27:34,095 - root - WARNING - Using custom GNN. custom_param=3.14
2026-08-07 10:27:34,095 - root - WARNING - Using custom GNN. custom_param=3.14
2026-08-07 10:28:09,054 - root - WARNING - Using custom GNN. custom_param=3.14
2026-08-07 10:28:09,054 - root - WARNING - Using custom GNN. custom_param=3.14
2026-08-07 10:28:10,772 - root - WARNING - Using custom GNN. custom_param=3.14
2026-08-07 10:28:10,772 - root - WARNING - Using custom GNN. custom_param=3.14
2026-08-07 10:28:48,074 - root - WARNING - Using custom GNN. custom_param=3.14
2026-08-07 10:28:48,074 - root - WARNING - Using custom GNN. custom_param=3.14
2026-08-07 10:28:48,344 - root - WARNING - Using custom GNN. custom_param=3.14
2026-08-07 10:28:48,344 - root - WARNING - Using custom GNN. custom_param=3.14
2026-08-07 10:28:48,347 - root - WARNING - Using custom GNN. custom_param=3.14
2026-08-07 10:28:48,347 - root - WARNING - Using custom GNN. custom_param=3.14
2026-08-07 10:28:48,610 - root - WARNING - Using custom GNN. custom_param=3.14
2026-08-07 10:28:48,610 - root - WARNING - Using custom GNN. custom_param=3.14
2026-08-07 10:28:48,613 - root - WARNING - Using custom reduction layer. custom_param=3.14
2026-08-07 10:28:48,613 - root - WARNING - Using custom reduction layer. custom_param=3.14
2026-08-07 10:28:48,827 - root - WARNING - Using custom reduction layer. custom_param=3.14
2026-08-07 10:28:48,827 - root - WARNING - Using custom reduction layer. custom_param=3.14
2026-08-07 10:28:48,831 - root - WARNING - Using custom reduction layer. custom_param=3.14
2026-08-07 10:28:48,831 - root - WARNING - Using custom reduction layer. custom_param=3.14
2026-08-07 10:28:49,055 - root - WARNING - Using custom reduction layer. custom_param=3.14
2026-08-07 10:28:49,055 - root - WARNING - Using custom reduction layer. custom_param=3.14
2026-08-07 10:29:00,973 - jax._src.xla_bridge - INFO - Unable to initialize backend 'rocm': module 'jaxlib.xla_extension' has no attribute 'GpuAllocatorConfig'
2026-08-07 10:29:00,973 - jax._src.xla_bridge - INFO - Unable to initialize backend 'rocm': module 'jaxlib.xla_extension' has no attribute 'GpuAllocatorConfig'
2026-08-07 10:29:00,975 - jax._src.xla_bridge - INFO - Unable to initialize backend 'tpu': INTERNAL: Failed to open libtpu.so: dlopen(libtpu.so, 0x0001): tried: 'libtpu.so' (no such file), '/System/Volumes/Preboot/Cryptexes/OSlibtpu.so' (no such file), '/usr/lib/libtpu.so' (no such file, not in dyld cache), 'libtpu.so' (no such file), '/usr/local/lib/libtpu.so' (no such file), '/usr/lib/libtpu.so' (no such file, not in dyld cache)
2026-08-07 10:29:00,975 - jax._src.xla_bridge - INFO - Unable to initialize backend 'tpu': INTERNAL: Failed to open libtpu.so: dlopen(libtpu.so, 0x0001): tried: 'libtpu.so' (no such file), '/System/Volumes/Preboot/Cryptexes/OSlibtpu.so' (no such file), '/usr/lib/libtpu.so' (no such file, not in dyld cache), 'libtpu.so' (no such file), '/usr/local/lib/libtpu.so' (no such file), '/usr/lib/libtpu.so' (no such file, not in dyld cache)
2026-08-07 10:29:07,569 - gurobipy - INFO - Restricted license - for non-production use only - expires 2027-11-29
2026-08-07 10:29:07,569 - gurobipy - INFO - Restricted license - for non-production use only - expires 2027-11-29
2026-08-07 10:29:07,576 - gurobipy - INFO - Set parameter NonConvex to value 2
2026-08-07 10:29:07,576 - gurobipy - INFO - Set parameter NonConvex to value 2
2026-08-07 10:29:07,596 - gurobipy - INFO - Set parameter NonConvex to value 2
2026-08-07 10:29:07,596 - gurobipy - INFO - Set parameter NonConvex to value 2
2026-08-07 10:29:07,601 - gurobipy - INFO - Set parameter NonConvex to value 2
2026-08-07 10:29:07,601 - gurobipy - INFO - Set parameter NonConvex to value 2
2026-08-07 10:29:07,606 - gurobipy - INFO - Set parameter NonConvex to value 2
2026-08-07 10:29:07,606 - gurobipy - INFO - Set parameter NonConvex to value 2
2026-08-07 10:29:07,611 - gurobipy - INFO - Set parameter NonConvex to value 2
2026-08-07 10:29:07,611 - gurobipy - INFO - Set parameter NonConvex to value 2
2026-08-07 10:29:07,617 - gurobipy - INFO - Set parameter NonConvex to value 2
2026-08-07 10:29:07,617 - gurobipy - INFO - Set parameter NonConvex to value 2
2026-08-07 10:29:07,623 - gurobipy - INFO - Set parameter NonConvex to value 2
2026-08-07 10:29:07,623 - gurobipy - INFO - Set parameter NonConvex to value 2
2026-08-07 10:29:07,629 - gurobipy - INFO - Set parameter NonConvex to value 2
2026-08-07 10:29:07,629 - gurobipy - INFO - Set parameter NonConvex to value 2
2026-08-07 10:29:07,634 - gurobipy - INFO - Set parameter NonConvex to value 2
2026-08-07 10:29:07,634 - gurobipy - INFO - Set parameter NonConvex to value 2
2026-08-07 10:29:07,639 - gurobipy - INFO - Set parameter NonConvex to value 2
2026-08-07 10:29:07,639 - gurobipy - INFO - Set parameter NonConvex to value 2
2026-08-07 10:29:07,643 - gurobipy - INFO - Set parameter NonConvex to value 2
2026-08-07 10:29:07,643 - gurobipy - INFO - Set parameter NonConvex to value 2
2026-08-07 10:29:07,649 - gurobipy - INFO - Set parameter NonConvex to value 2
2026-08-07 10:29:07,649 - gurobipy - INFO - Set parameter NonConvex to value 2
2026-08-07 10:29:07,654 - gurobipy - INFO - Set parameter NonConvex to value 2
2026-08-07 10:29:07,654 - gurobipy - INFO - Set parameter NonConvex to value 2
2026-08-07 10:29:07,659 - gurobipy - INFO - Set parameter NonConvex to value 2
2026-08-07 10:29:07,659 - gurobipy - INFO - Set parameter NonConvex to value 2
2026-08-07 10:29:07,664 - gurobipy - INFO - Set parameter NonConvex to value 2
2026-08-07 10:29:07,664 - gurobipy - INFO - Set parameter NonConvex to value 2
2026-08-07 10:29:07,669 - gurobipy - INFO - Set parameter NonConvex to value 2
2026-08-07 10:29:07,669 - gurobipy - INFO - Set parameter NonConvex to value 2
2026-08-07 10:29:07,674 - gurobipy - INFO - Set parameter NonConvex to value 2
2026-08-07 10:29:07,674 - gurobipy - INFO - Set parameter NonConvex to value 2
2026-08-07 10:29:07,679 - gurobipy - INFO - Set parameter NonConvex to value 2
2026-08-07 10:29:07,679 - gurobipy - INFO - Set parameter NonConvex to value 2
2026-08-07 10:29:07,685 - gurobipy - INFO - Set parameter NonConvex to value 2
2026-08-07 10:29:07,685 - gurobipy - INFO - Set parameter NonConvex to value 2
2026-08-07 10:29:07,690 - gurobipy - INFO - Set parameter NonConvex to value 2
2026-08-07 10:29:07,690 - gurobipy - INFO - Set parameter NonConvex to value 2
2026-08-07 10:29:07,695 - gurobipy - INFO - Set parameter NonConvex to value 2
2026-08-07 10:29:07,695 - gurobipy - INFO - Set parameter NonConvex to value 2
2026-08-07 10:29:07,700 - gurobipy - INFO - Set parameter NonConvex to value 2
2026-08-07 10:29:07,700 - gurobipy - INFO - Set parameter NonConvex to value 2
2026-08-07 10:29:07,705 - gurobipy - INFO - Set parameter NonConvex to value 2
2026-08-07 10:29:07,705 - gurobipy - INFO - Set parameter NonConvex to value 2
2026-08-07 10:29:07,710 - gurobipy - INFO - Set parameter NonConvex to value 2
2026-08-07 10:29:07,710 - gurobipy - INFO - Set parameter NonConvex to value 2
2026-08-07 10:29:07,715 - gurobipy - INFO - Set parameter NonConvex to value 2
2026-08-07 10:29:07,715 - gurobipy - INFO - Set parameter NonConvex to value 2
2026-08-07 10:29:07,720 - gurobipy - INFO - Set parameter NonConvex to value 2
2026-08-07 10:29:07,720 - gurobipy - INFO - Set parameter NonConvex to value 2
2026-08-07 10:29:07,726 - gurobipy - INFO - Set parameter NonConvex to value 2
2026-08-07 10:29:07,726 - gurobipy - INFO - Set parameter NonConvex to value 2
2026-08-07 10:29:07,731 - gurobipy - INFO - Set parameter NonConvex to value 2
2026-08-07 10:29:07,731 - gurobipy - INFO - Set parameter NonConvex to value 2
2026-08-07 10:29:07,737 - gurobipy - INFO - Set parameter NonConvex to value 2
2026-08-07 10:29:07,737 - gurobipy - INFO - Set parameter NonConvex to value 2
2026-08-07 10:29:07,743 - gurobipy - INFO - Set parameter NonConvex to value 2
2026-08-07 10:29:07,743 - gurobipy - INFO - Set parameter NonConvex to value 2
2026-08-07 10:29:07,748 - gurobipy - INFO - Set parameter NonConvex to value 2
2026-08-07 10:29:07,748 - gurobipy - INFO - Set parameter NonConvex to value 2
2026-08-07 10:29:07,753 - gurobipy - INFO - Set parameter NonConvex to value 2
2026-08-07 10:29:07,753 - gurobipy - INFO - Set parameter NonConvex to value 2
2026-08-07 10:29:07,758 - gurobipy - INFO - Set parameter NonConvex to value 2
2026-08-07 10:29:07,758 - gurobipy - INFO - Set parameter NonConvex to value 2
2026-08-07 10:29:07,764 - gurobipy - INFO - Set parameter NonConvex to value 2
2026-08-07 10:29:07,764 - gurobipy - INFO - Set parameter NonConvex to value 2
2026-08-07 10:29:07,769 - gurobipy - INFO - Set parameter NonConvex to value 2
2026-08-07 10:29:07,769 - gurobipy - INFO - Set parameter NonConvex to value 2
2026-08-07 10:29:07,774 - gurobipy - INFO - Set parameter NonConvex to value 2
2026-08-07 10:29:07,774 - gurobipy - INFO - Set parameter NonConvex to value 2
2026-08-07 10:29:07,779 - gurobipy - INFO - Set parameter NonConvex to value 2
2026-08-07 10:29:07,779 - gurobipy - INFO - Set parameter NonConvex to value 2
2026-08-07 10:29:07,784 - gurobipy - INFO - Set parameter NonConvex to value 2
2026-08-07 10:29:07,784 - gurobipy - INFO - Set parameter NonConvex to value 2
2026-08-07 10:29:07,790 - gurobipy - INFO - Set parameter NonConvex to value 2
2026-08-07 10:29:07,790 - gurobipy - INFO - Set parameter NonConvex to value 2
2026-08-07 10:29:07,796 - gurobipy - INFO - Set parameter NonConvex to value 2
2026-08-07 10:29:07,796 - gurobipy - INFO - Set parameter NonConvex to value 2
2026-08-07 10:29:07,801 - gurobipy - INFO - Set parameter NonConvex to value 2
2026-08-07 10:29:07,801 - gurobipy - INFO - Set parameter NonConvex to value 2
2026-08-07 10:29:07,807 - gurobipy - INFO - Set parameter NonConvex to value 2
2026-08-07 10:29:07,807 - gurobipy - INFO - Set parameter NonConvex to value 2
2026-08-07 10:29:07,813 - gurobipy - INFO - Set parameter NonConvex to value 2
2026-08-07 10:29:07,813 - gurobipy - INFO - Set parameter NonConvex to value 2
2026-08-07 10:29:07,818 - gurobipy - INFO - Set parameter NonConvex to value 2
2026-08-07 10:29:07,818 - gurobipy - INFO - Set parameter NonConvex to value 2
2026-08-07 10:29:07,824 - gurobipy - INFO - Set parameter NonConvex to value 2
2026-08-07 10:29:07,824 - gurobipy - INFO - Set parameter NonConvex to value 2
2026-08-07 10:29:07,831 - gurobipy - INFO - Set parameter NonConvex to value 2
2026-08-07 10:29:07,831 - gurobipy - INFO - Set parameter NonConvex to value 2
2026-08-07 10:29:07,837 - gurobipy - INFO - Set parameter NonConvex to value 2
2026-08-07 10:29:07,837 - gurobipy - INFO - Set parameter NonConvex to value 2
2026-08-07 10:29:07,842 - gurobipy - INFO - Set parameter NonConvex to value 2
2026-08-07 10:29:07,842 - gurobipy - INFO - Set parameter NonConvex to value 2
2026-08-07 10:29:07,848 - gurobipy - INFO - Set parameter NonConvex to value 2
2026-08-07 10:29:07,848 - gurobipy - INFO - Set parameter NonConvex to value 2
2026-08-07 10:29:07,854 - gurobipy - INFO - Set parameter NonConvex to value 2
2026-08-07 10:29:07,854 - gurobipy - INFO - Set parameter NonConvex to value 2
2026-08-07 10:29:07,860 - gurobipy - INFO - Set parameter NonConvex to value 2
2026-08-07 10:29:07,860 - gurobipy - INFO - Set parameter NonConvex to value 2
2026-08-07 10:29:07,866 - gurobipy - INFO - Set parameter NonConvex to value 2
2026-08-07 10:29:07,866 - gurobipy - INFO - Set parameter NonConvex to value 2
2026-08-07 10:29:07,871 - gurobipy - INFO - Set parameter NonConvex to value 2
2026-08-07 10:29:07,871 - gurobipy - INFO - Set parameter NonConvex to value 2
2026-08-07 10:29:07,877 - gurobipy - INFO - Set parameter NonConvex to value 2
2026-08-07 10:29:07,877 - gurobipy - INFO - Set parameter NonConvex to value 2
2026-08-07 10:29:07,882 - gurobipy - INFO - Set parameter NonConvex to value 2
2026-08-07 10:29:07,882 - gurobipy - INFO - Set parameter NonConvex to value 2
2026-08-07 10:29:07,888 - gurobipy - INFO - Set parameter NonConvex to value 2
2026-08-07 10:29:07,888 - gurobipy - INFO - Set parameter NonConvex to value 2
2026-08-07 10:29:07,893 - gurobipy - INFO - Set parameter NonConvex to value 2
2026-08-07 10:29:07,893 - gurobipy - INFO - Set parameter NonConvex to value 2
2026-08-07 10:29:07,898 - gurobipy - INFO - Set parameter NonConvex to value 2
2026-08-07 10:29:07,898 - gurobipy - INFO - Set parameter NonConvex to value 2
2026-08-07 10:29:07,903 - gurobipy - INFO - Set parameter NonConvex to value 2
2026-08-07 10:29:07,903 - gurobipy - INFO - Set parameter NonConvex to value 2
2026-08-07 10:29:07,909 - gurobipy - INFO - Set parameter NonConvex to value 2
2026-08-07 10:29:07,909 - gurobipy - INFO - Set parameter NonConvex to value 2
2026-08-07 10:29:07,914 - gurobipy - INFO - Set parameter NonConvex to value 2
2026-08-07 10:29:07,914 - gurobipy - INFO - Set parameter NonConvex to value 2
2026-08-07 10:29:07,919 - gurobipy - INFO - Set parameter NonConvex to value 2
2026-08-07 10:29:07,919 - gurobipy - INFO - Set parameter NonConvex to value 2
2026-08-07 10:29:07,924 - gurobipy - INFO - Set parameter NonConvex to value 2
2026-08-07 10:29:07,924 - gurobipy - INFO - Set parameter NonConvex to value 2
2026-08-07 10:29:07,930 - gurobipy - INFO - Set parameter NonConvex to value 2
2026-08-07 10:29:07,930 - gurobipy - INFO - Set parameter NonConvex to value 2
2026-08-07 10:29:07,935 - gurobipy - INFO - Set parameter NonConvex to value 2
2026-08-07 10:29:07,935 - gurobipy - INFO - Set parameter NonConvex to value 2
2026-08-07 10:29:07,941 - gurobipy - INFO - Set parameter NonConvex to value 2
2026-08-07 10:29:07,941 - gurobipy - INFO - Set parameter NonConvex to value 2
2026-08-07 10:29:07,947 - gurobipy - INFO - Set parameter NonConvex to value 2
2026-08-07 10:29:07,947 - gurobipy - INFO - Set parameter NonConvex to value 2
2026-08-07 10:29:07,953 - gurobipy - INFO - Set parameter NonConvex to value 2
2026-08-07 10:29:07,953 - gurobipy - INFO - Set parameter NonConvex to value 2
2026-08-07 10:29:07,958 - gurobipy - INFO - Set parameter NonConvex to value 2
2026-08-07 10:29:07,958 - gurobipy - INFO - Set parameter NonConvex to value 2
2026-08-07 10:29:07,964 - gurobipy - INFO - Set parameter NonConvex to value 2
2026-08-07 10:29:07,964 - gurobipy - INFO - Set parameter NonConvex to value 2
2026-08-07 10:29:07,969 - gurobipy - INFO - Set parameter NonConvex to value 2
2026-08-07 10:29:07,969 - gurobipy - INFO - Set parameter NonConvex to value 2
2026-08-07 10:29:07,976 - gurobipy - INFO - Set parameter NonConvex to value 2
2026-08-07 10:29:07,976 - gurobipy - INFO - Set parameter NonConvex to value 2
2026-08-07 10:29:07,982 - gurobipy - INFO - Set parameter NonConvex to value 2
2026-08-07 10:29:07,982 - gurobipy - INFO - Set parameter NonConvex to value 2
2026-08-07 10:29:07,988 - gurobipy - INFO - Set parameter NonConvex to value 2
2026-08-07 10:29:07,988 - gurobipy - INFO - Set parameter NonConvex to value 2
2026-08-07 10:29:07,993 - gurobipy - INFO - Set parameter NonConvex to value 2
2026-08-07 10:29:07,993 - gurobipy - INFO - Set parameter NonConvex to value 2
2026-08-07 10:29:07,998 - gurobipy - INFO - Set parameter NonConvex to value 2
2026-08-07 10:29:07,998 - gurobipy - INFO - Set parameter NonConvex to value 2
2026-08-07 10:29:08,003 - gurobipy - INFO - Set parameter NonConvex to value 2
2026-08-07 10:29:08,003 - gurobipy - INFO - Set parameter NonConvex to value 2
2026-08-07 10:29:08,008 - gurobipy - INFO - Set parameter NonConvex to value 2
2026-08-07 10:29:08,008 - gurobipy - INFO - Set parameter NonConvex to value 2
2026-08-07 10:29:08,013 - gurobipy - INFO - Set parameter NonConvex to value 2
2026-08-07 10:29:08,013 - gurobipy - INFO - Set parameter NonConvex to value 2
2026-08-07 10:29:10,584 - tests.solvers.python.test_python_solvers - WARNING - End of iteration #1.
2026-08-07 10:29:10,584 - tests.solvers.python.test_python_solvers - WARNING - End of iteration #1.
2026-08-07 10:29:10,585 - tests.solvers.python.test_python_solvers - WARNING - End of iteration #2.
2026-08-07 10:29:10,585 - tests.solvers.python.test_python_solvers - WARNING - End of iteration #2.
2026-08-07 10:29:10,598 - tests.solvers.python.test_python_solvers - WARNING - End of iteration #1.
2026-08-07 10:29:10,598 - tests.solvers.python.test_python_solvers - WARNING - End of iteration #1.
2026-08-07 10:29:10,601 - tests.solvers.python.test_python_solvers - WARNING - End of iteration #2.
2026-08-07 10:29:10,601 - tests.solvers.python.test_python_solvers - WARNING - End of iteration #2.
2026-08-07 10:29:10,721 - tests.solvers.python.test_python_solvers - WARNING - End of iteration #1.
2026-08-07 10:29:10,721 - tests.solvers.python.test_python_solvers - WARNING - End of iteration #1.
2026-08-07 10:29:10,721 - tests.solvers.python.test_python_solvers - WARNING - End of iteration #2.
2026-08-07 10:29:10,721 - tests.solvers.python.test_python_solvers - WARNING - End of iteration #2.
2026-08-07 10:29:35,253 - root - INFO - Grounding start: robot
2026-08-07 10:29:35,253 - root - INFO - Grounding start: robot
2026-08-07 10:29:35,254 - root - INFO - Relevance analysis removed 0 facts
2026-08-07 10:29:35,254 - root - INFO - Relevance analysis removed 0 facts
2026-08-07 10:29:35,254 - root - INFO - Grounding end: robot
2026-08-07 10:29:35,254 - root - INFO - Grounding end: robot
2026-08-07 10:29:35,254 - root - INFO - 10 Variables created
2026-08-07 10:29:35,254 - root - INFO - 10 Variables created
2026-08-07 10:29:35,254 - root - INFO - 9 Operators created
2026-08-07 10:29:35,254 - root - INFO - 9 Operators created
2026-08-07 10:29:35,254 - root - INFO - Search start: robot
2026-08-07 10:29:35,254 - root - INFO - Search start: robot
2026-08-07 10:29:35,254 - root - INFO - Initial h value: 9.000000
2026-08-07 10:29:35,254 - root - INFO - Initial h value: 9.000000
2026-08-07 10:29:35,255 - root - INFO - Goal reached. Start extraction of solution.
2026-08-07 10:29:35,255 - root - INFO - Goal reached. Start extraction of solution.
2026-08-07 10:29:35,255 - root - INFO - 10 Nodes expanded
2026-08-07 10:29:35,255 - root - INFO - 10 Nodes expanded
2026-08-07 10:29:35,255 - root - INFO - Search end: robot
2026-08-07 10:29:35,255 - root - INFO - Search end: robot
2026-08-07 10:29:35,509 - autofde_lab.optuna_utils - INFO - Launching trial 0 with parameters: {'solver': 'UPSolver', 'UPSolver.name': 'fast-downward'}
2026-08-07 10:29:35,509 - autofde_lab.optuna_utils - INFO - Launching trial 0 with parameters: {'solver': 'UPSolver', 'UPSolver.name': 'fast-downward'}
2026-08-07 10:29:35,754 - autofde_lab.optuna_utils - INFO - Launching trial 1 with parameters: {'solver': 'UPSolver', 'UPSolver.name': 'pyperplan'}
2026-08-07 10:29:35,754 - autofde_lab.optuna_utils - INFO - Launching trial 1 with parameters: {'solver': 'UPSolver', 'UPSolver.name': 'pyperplan'}
2026-08-07 10:29:35,806 - root - INFO - Grounding start: robot
2026-08-07 10:29:35,806 - root - INFO - Grounding start: robot
2026-08-07 10:29:35,806 - root - INFO - Relevance analysis removed 0 facts
2026-08-07 10:29:35,806 - root - INFO - Relevance analysis removed 0 facts
2026-08-07 10:29:35,806 - root - INFO - Grounding end: robot
2026-08-07 10:29:35,806 - root - INFO - Grounding end: robot
2026-08-07 10:29:35,806 - root - INFO - 10 Variables created
2026-08-07 10:29:35,806 - root - INFO - 10 Variables created
2026-08-07 10:29:35,806 - root - INFO - 9 Operators created
2026-08-07 10:29:35,806 - root - INFO - 9 Operators created
2026-08-07 10:29:35,806 - root - INFO - Search start: robot
2026-08-07 10:29:35,806 - root - INFO - Search start: robot
2026-08-07 10:29:35,806 - root - INFO - Initial h value: 9.000000
2026-08-07 10:29:35,806 - root - INFO - Initial h value: 9.000000
2026-08-07 10:29:35,807 - root - INFO - Goal reached. Start extraction of solution.
2026-08-07 10:29:35,807 - root - INFO - Goal reached. Start extraction of solution.
2026-08-07 10:29:35,807 - root - INFO - 10 Nodes expanded
2026-08-07 10:29:35,807 - root - INFO - 10 Nodes expanded
2026-08-07 10:29:35,807 - root - INFO - Search end: robot
2026-08-07 10:29:35,807 - root - INFO - Search end: robot
2026-08-07 10:29:35,825 - autofde_lab.optuna_utils - INFO - Launching trial 2 with parameters: {'solver': 'UPSolver', 'UPSolver.name': 'enhsp-opt'}
2026-08-07 10:29:35,825 - autofde_lab.optuna_utils - INFO - Launching trial 2 with parameters: {'solver': 'UPSolver', 'UPSolver.name': 'enhsp-opt'}
2026-08-07 10:29:35,909 - autofde_lab.optuna_utils - INFO - Launching trial 3 with parameters: {'solver': 'UPSolver', 'UPSolver.name': 'enhsp-any'}
2026-08-07 10:29:35,909 - autofde_lab.optuna_utils - INFO - Launching trial 3 with parameters: {'solver': 'UPSolver', 'UPSolver.name': 'enhsp-any'}
2026-08-07 10:29:35,988 - autofde_lab.optuna_utils - INFO - Launching trial 4 with parameters: {'solver': 'UPSolver', 'UPSolver.name': 'enhsp'}
2026-08-07 10:29:35,988 - autofde_lab.optuna_utils - INFO - Launching trial 4 with parameters: {'solver': 'UPSolver', 'UPSolver.name': 'enhsp'}
2026-08-07 10:29:36,061 - autofde_lab.optuna_utils - INFO - Launching trial 5 with parameters: {'solver': 'UPSolver', 'UPSolver.name': 'fast-downward-opt'}
2026-08-07 10:29:36,061 - autofde_lab.optuna_utils - INFO - Launching trial 5 with parameters: {'solver': 'UPSolver', 'UPSolver.name': 'fast-downward-opt'}
2026-08-07 10:29:36,260 - autofde_lab.optuna_utils - INFO - Launching trial 6 with parameters: {'solver': 'UPSolver', 'UPSolver.name': 'pyperplan-opt'}
2026-08-07 10:29:36,260 - autofde_lab.optuna_utils - INFO - Launching trial 6 with parameters: {'solver': 'UPSolver', 'UPSolver.name': 'pyperplan-opt'}
2026-08-07 10:29:36,293 - root - INFO - Grounding start: robot
2026-08-07 10:29:36,293 - root - INFO - Grounding start: robot
2026-08-07 10:29:36,293 - root - INFO - Relevance analysis removed 0 facts
2026-08-07 10:29:36,293 - root - INFO - Relevance analysis removed 0 facts
2026-08-07 10:29:36,293 - root - INFO - Grounding end: robot
2026-08-07 10:29:36,293 - root - INFO - Grounding end: robot
2026-08-07 10:29:36,293 - root - INFO - 10 Variables created
2026-08-07 10:29:36,293 - root - INFO - 10 Variables created
2026-08-07 10:29:36,293 - root - INFO - 9 Operators created
2026-08-07 10:29:36,293 - root - INFO - 9 Operators created
2026-08-07 10:29:36,293 - root - INFO - Search start: robot
2026-08-07 10:29:36,293 - root - INFO - Search start: robot
2026-08-07 10:29:36,293 - root - INFO - Initial h value: 9.000000
2026-08-07 10:29:36,293 - root - INFO - Initial h value: 9.000000
2026-08-07 10:29:36,294 - root - INFO - Goal reached. Start extraction of solution.
2026-08-07 10:29:36,294 - root - INFO - Goal reached. Start extraction of solution.
2026-08-07 10:29:36,294 - root - INFO - 10 Nodes expanded
2026-08-07 10:29:36,294 - root - INFO - 10 Nodes expanded
2026-08-07 10:29:36,294 - root - INFO - Search end: robot
2026-08-07 10:29:36,294 - root - INFO - Search end: robot
